2026-02-06T18:39:30.5300263Z Current runner version: '2.331.0'
2026-02-06T18:39:30.5326169Z ##[group]Runner Image Provisioner
2026-02-06T18:39:30.5327003Z Hosted Compute Agent
2026-02-06T18:39:30.5327556Z Version: 20260123.484
2026-02-06T18:39:30.5328197Z Commit: 6bd6555ca37d84114959e1c76d2c01448ff61c5d
2026-02-06T18:39:30.5328855Z Build Date: 2026-01-23T19:41:17Z
2026-02-06T18:39:30.5329496Z Worker ID: {ba755061-f7c8-466d-875e-d182466d53af}
2026-02-06T18:39:30.5330156Z Azure Region: centralus
2026-02-06T18:39:30.5330771Z ##[endgroup]
2026-02-06T18:39:30.5332150Z ##[group]Operating System
2026-02-06T18:39:30.5332738Z Ubuntu
2026-02-06T18:39:30.5333734Z 24.04.3
2026-02-06T18:39:30.5334258Z LTS
2026-02-06T18:39:30.5334710Z ##[endgroup]
2026-02-06T18:39:30.5335290Z ##[group]Runner Image
2026-02-06T18:39:30.5335836Z Image: ubuntu-24.04
2026-02-06T18:39:30.5336312Z Version: 20260201.15.1
2026-02-06T18:39:30.5337550Z Included Software: https://github.com/actions/runner-images/blob/ubuntu24/20260201.15/images/ubuntu/Ubuntu2404-Readme.md
2026-02-06T18:39:30.5338938Z Image Release: https://github.com/actions/runner-images/releases/tag/ubuntu24%2F20260201.15
2026-02-06T18:39:30.5339884Z ##[endgroup]
2026-02-06T18:39:30.5340978Z ##[group]GITHUB_TOKEN Permissions
2026-02-06T18:39:30.5342849Z Actions: write
2026-02-06T18:39:30.5343625Z Contents: read
2026-02-06T18:39:30.5344158Z Metadata: read
2026-02-06T18:39:30.5344727Z Packages: read
2026-02-06T18:39:30.5345235Z ##[endgroup]
2026-02-06T18:39:30.5347357Z Secret source: Actions
2026-02-06T18:39:30.5348105Z Prepare workflow directory
2026-02-06T18:39:30.6317758Z Prepare all required actions
2026-02-06T18:39:30.6357129Z Getting action download info
2026-02-06T18:39:31.0361768Z Download action repository 'actions/checkout@v4' (SHA:34e114876b0b11c390a56381ad16ebd13914f8d5)
2026-02-06T18:39:31.1482572Z Download action repository 'actions/setup-python@v5' (SHA:a26af69be951a213d495a4c3e4e4022e16d87065)
2026-02-06T18:39:31.2495533Z Download action repository 'astral-sh/setup-uv@v4' (SHA:38f3f104447c67c051c4a08e39b64a148898af3a)
2026-02-06T18:39:31.8834160Z Download action repository 'actions/cache@v4' (SHA:0057852bfaa89a56745cba8c7296529d2fc39830)
2026-02-06T18:39:32.2374446Z Complete job name: unit-test (ubuntu-latest, 3.12)
2026-02-06T18:39:32.4592213Z ##[group]Run actions/checkout@v4
2026-02-06T18:39:32.4593363Z with:
2026-02-06T18:39:32.4593805Z   fetch-depth: 1
2026-02-06T18:39:32.4594305Z   repository: DenizOzturk95/biocentral_server
2026-02-06T18:39:32.4595138Z   token: ***
2026-02-06T18:39:32.4595560Z   ssh-strict: true
2026-02-06T18:39:32.4595982Z   ssh-user: git
2026-02-06T18:39:32.4596423Z   persist-credentials: true
2026-02-06T18:39:32.4596907Z   clean: true
2026-02-06T18:39:32.4597347Z   sparse-checkout-cone-mode: true
2026-02-06T18:39:32.4597875Z   fetch-tags: false
2026-02-06T18:39:32.4598320Z   show-progress: true
2026-02-06T18:39:32.4598778Z   lfs: false
2026-02-06T18:39:32.4599197Z   submodules: false
2026-02-06T18:39:32.4599650Z   set-safe-directory: true
2026-02-06T18:39:32.4600405Z ##[endgroup]
2026-02-06T18:39:32.5729667Z Syncing repository: DenizOzturk95/biocentral_server
2026-02-06T18:39:32.5732789Z ##[group]Getting Git version info
2026-02-06T18:39:32.5734692Z Working directory is '/home/runner/work/biocentral_server/biocentral_server'
2026-02-06T18:39:32.5736920Z [command]/usr/bin/git version
2026-02-06T18:39:32.5749604Z git version 2.52.0
2026-02-06T18:39:32.5776323Z ##[endgroup]
2026-02-06T18:39:32.5790353Z Temporarily overriding HOME='/home/runner/work/_temp/88f4831b-d1a7-4953-8877-1dcb1d36ab81' before making global git config changes
2026-02-06T18:39:32.5793420Z Adding repository directory to the temporary git global config as a safe directory
2026-02-06T18:39:32.5804982Z [command]/usr/bin/git config --global --add safe.directory /home/runner/work/biocentral_server/biocentral_server
2026-02-06T18:39:32.5846071Z Deleting the contents of '/home/runner/work/biocentral_server/biocentral_server'
2026-02-06T18:39:32.5850059Z ##[group]Initializing the repository
2026-02-06T18:39:32.5855382Z [command]/usr/bin/git init /home/runner/work/biocentral_server/biocentral_server
2026-02-06T18:39:32.5948213Z hint: Using 'master' as the name for the initial branch. This default branch name
2026-02-06T18:39:32.5949785Z hint: will change to "main" in Git 3.0. To configure the initial branch name
2026-02-06T18:39:32.5950847Z hint: to use in all of your new repositories, which will suppress this warning,
2026-02-06T18:39:32.5951975Z hint: call:
2026-02-06T18:39:32.5952785Z hint:
2026-02-06T18:39:32.5953994Z hint: 	git config --global init.defaultBranch <name>
2026-02-06T18:39:32.5955146Z hint:
2026-02-06T18:39:32.5956338Z hint: Names commonly chosen instead of 'master' are 'main', 'trunk' and
2026-02-06T18:39:32.5958363Z hint: 'development'. The just-created branch can be renamed via this command:
2026-02-06T18:39:32.5959942Z hint:
2026-02-06T18:39:32.5960839Z hint: 	git branch -m <name>
2026-02-06T18:39:32.5961750Z hint:
2026-02-06T18:39:32.5962951Z hint: Disable this message with "git config set advice.defaultBranchName false"
2026-02-06T18:39:32.5965408Z Initialized empty Git repository in /home/runner/work/biocentral_server/biocentral_server/.git/
2026-02-06T18:39:32.5968156Z [command]/usr/bin/git remote add origin https://github.com/DenizOzturk95/biocentral_server
2026-02-06T18:39:32.6010658Z ##[endgroup]
2026-02-06T18:39:32.6011672Z ##[group]Disabling automatic garbage collection
2026-02-06T18:39:32.6012412Z [command]/usr/bin/git config --local gc.auto 0
2026-02-06T18:39:32.6042920Z ##[endgroup]
2026-02-06T18:39:32.6053732Z ##[group]Setting up auth
2026-02-06T18:39:32.6054545Z [command]/usr/bin/git config --local --name-only --get-regexp core\.sshCommand
2026-02-06T18:39:32.6088373Z [command]/usr/bin/git submodule foreach --recursive sh -c "git config --local --name-only --get-regexp 'core\.sshCommand' && git config --local --unset-all 'core.sshCommand' || :"
2026-02-06T18:39:32.6425086Z [command]/usr/bin/git config --local --name-only --get-regexp http\.https\:\/\/github\.com\/\.extraheader
2026-02-06T18:39:32.6456543Z [command]/usr/bin/git submodule foreach --recursive sh -c "git config --local --name-only --get-regexp 'http\.https\:\/\/github\.com\/\.extraheader' && git config --local --unset-all 'http.https://github.com/.extraheader' || :"
2026-02-06T18:39:32.6677773Z [command]/usr/bin/git config --local --name-only --get-regexp ^includeIf\.gitdir:
2026-02-06T18:39:32.6710504Z [command]/usr/bin/git submodule foreach --recursive git config --local --show-origin --name-only --get-regexp remote.origin.url
2026-02-06T18:39:32.6968138Z [command]/usr/bin/git config --local http.https://github.com/.extraheader AUTHORIZATION: basic ***
2026-02-06T18:39:32.7004013Z ##[endgroup]
2026-02-06T18:39:32.7011618Z ##[group]Fetching the repository
2026-02-06T18:39:32.7014924Z [command]/usr/bin/git -c protocol.version=2 fetch --no-tags --prune --no-recurse-submodules --depth=1 origin +ea681cd6c0a0c1ae30c8fcfc2120c4b7173c649e:refs/remotes/origin/feature/tests
2026-02-06T18:39:33.2256810Z From https://github.com/DenizOzturk95/biocentral_server
2026-02-06T18:39:33.2259972Z  * [new ref]         ea681cd6c0a0c1ae30c8fcfc2120c4b7173c649e -> origin/feature/tests
2026-02-06T18:39:33.2289153Z ##[endgroup]
2026-02-06T18:39:33.2290903Z ##[group]Determining the checkout info
2026-02-06T18:39:33.2292796Z ##[endgroup]
2026-02-06T18:39:33.2297493Z [command]/usr/bin/git sparse-checkout disable
2026-02-06T18:39:33.2338842Z [command]/usr/bin/git config --local --unset-all extensions.worktreeConfig
2026-02-06T18:39:33.2364928Z ##[group]Checking out the ref
2026-02-06T18:39:33.2368358Z [command]/usr/bin/git checkout --progress --force -B feature/tests refs/remotes/origin/feature/tests
2026-02-06T18:39:33.2708801Z Switched to a new branch 'feature/tests'
2026-02-06T18:39:33.2710888Z branch 'feature/tests' set up to track 'origin/feature/tests'.
2026-02-06T18:39:33.2720110Z ##[endgroup]
2026-02-06T18:39:33.2755694Z [command]/usr/bin/git log -1 --format=%H
2026-02-06T18:39:33.2777634Z ea681cd6c0a0c1ae30c8fcfc2120c4b7173c649e
2026-02-06T18:39:33.4148193Z ##[group]Run actions/setup-python@v5
2026-02-06T18:39:33.4149508Z with:
2026-02-06T18:39:33.4150219Z   python-version: 3.12
2026-02-06T18:39:33.4151064Z   check-latest: false
2026-02-06T18:39:33.4152191Z   token: ***
2026-02-06T18:39:33.4152959Z   update-environment: true
2026-02-06T18:39:33.4154053Z   allow-prereleases: false
2026-02-06T18:39:33.4154975Z   freethreaded: false
2026-02-06T18:39:33.4155766Z ##[endgroup]
2026-02-06T18:39:33.5824994Z ##[group]Installed versions
2026-02-06T18:39:33.6331842Z Successfully set up CPython (3.12.12)
2026-02-06T18:39:33.6334635Z ##[endgroup]
2026-02-06T18:39:33.6832956Z ##[group]Run git config --global url."https://github.com/".insteadOf git@github.com:
2026-02-06T18:39:33.6835400Z [36;1mgit config --global url."https://github.com/".insteadOf git@github.com:[0m
2026-02-06T18:39:33.6912891Z shell: /usr/bin/bash -e {0}
2026-02-06T18:39:33.6914052Z env:
2026-02-06T18:39:33.6914949Z   pythonLocation: /opt/hostedtoolcache/Python/3.12.12/x64
2026-02-06T18:39:33.6916646Z   PKG_CONFIG_PATH: /opt/hostedtoolcache/Python/3.12.12/x64/lib/pkgconfig
2026-02-06T18:39:33.6918323Z   Python_ROOT_DIR: /opt/hostedtoolcache/Python/3.12.12/x64
2026-02-06T18:39:33.6919796Z   Python2_ROOT_DIR: /opt/hostedtoolcache/Python/3.12.12/x64
2026-02-06T18:39:33.6921280Z   Python3_ROOT_DIR: /opt/hostedtoolcache/Python/3.12.12/x64
2026-02-06T18:39:33.6922801Z   LD_LIBRARY_PATH: /opt/hostedtoolcache/Python/3.12.12/x64/lib
2026-02-06T18:39:33.6924134Z ##[endgroup]
2026-02-06T18:39:33.8228048Z ##[group]Run astral-sh/setup-uv@v4
2026-02-06T18:39:33.8228982Z with:
2026-02-06T18:39:33.8229589Z   version: 0.9.26
2026-02-06T18:39:33.8230287Z   enable-cache: true
2026-02-06T18:39:33.8231058Z   cache-dependency-glob: uv.lock
2026-02-06T18:39:33.8232319Z   github-token: ***
2026-02-06T18:39:33.8233168Z   prune-cache: true
2026-02-06T18:39:33.8233939Z   ignore-nothing-to-cache: false
2026-02-06T18:39:33.8234789Z env:
2026-02-06T18:39:33.8235621Z   pythonLocation: /opt/hostedtoolcache/Python/3.12.12/x64
2026-02-06T18:39:33.8237189Z   PKG_CONFIG_PATH: /opt/hostedtoolcache/Python/3.12.12/x64/lib/pkgconfig
2026-02-06T18:39:33.8238731Z   Python_ROOT_DIR: /opt/hostedtoolcache/Python/3.12.12/x64
2026-02-06T18:39:33.8240092Z   Python2_ROOT_DIR: /opt/hostedtoolcache/Python/3.12.12/x64
2026-02-06T18:39:33.8241489Z   Python3_ROOT_DIR: /opt/hostedtoolcache/Python/3.12.12/x64
2026-02-06T18:39:33.8242898Z   LD_LIBRARY_PATH: /opt/hostedtoolcache/Python/3.12.12/x64/lib
2026-02-06T18:39:33.8244200Z ##[endgroup]
2026-02-06T18:39:33.9917149Z Downloading uv from "https://github.com/astral-sh/uv/releases/download/0.9.26/uv-x86_64-unknown-linux-gnu.tar.gz" ...
2026-02-06T18:39:34.4158244Z [command]/usr/bin/tar xz --warning=no-unknown-keyword --overwrite -C /home/runner/work/_temp/494c7dc2-9b0b-4c0c-ad11-526c866f07a1 -f /home/runner/work/_temp/9863c823-ff91-4d73-9726-ad956ff07506
2026-02-06T18:39:34.8887134Z Added /opt/hostedtoolcache/uv/0.9.26/x86_64 to the path
2026-02-06T18:39:34.8888100Z Added /home/runner/.local/bin to the path
2026-02-06T18:39:34.8897542Z Set UV_CACHE_DIR to /home/runner/work/_temp/setup-uv-cache
2026-02-06T18:39:34.8898383Z Successfully installed uv version 0.9.26
2026-02-06T18:39:34.8898962Z Searching files using cache dependency glob: uv.lock
2026-02-06T18:39:34.8944451Z /home/runner/work/biocentral_server/biocentral_server/uv.lock
2026-02-06T18:39:34.8975538Z Found 1 files to hash.
2026-02-06T18:39:34.8977573Z Trying to restore uv cache from GitHub Actions cache with key: setup-uv-1-x86_64-unknown-linux-gnu-0.9.26-6e7798b0562c942d40375b73a26b0fb8c4423a1dfc56828cc15e13408a5f6d3a
2026-02-06T18:39:34.9589481Z ##[warning]Failed to restore: Cache service responded with 400
2026-02-06T18:39:34.9599719Z No GitHub Actions cache found for key: setup-uv-1-x86_64-unknown-linux-gnu-0.9.26-6e7798b0562c942d40375b73a26b0fb8c4423a1dfc56828cc15e13408a5f6d3a
2026-02-06T18:39:35.1279598Z ##[group]Run actions/cache@v4
2026-02-06T18:39:35.1279876Z with:
2026-02-06T18:39:35.1280080Z   path: .venv
~/.cache/uv

2026-02-06T18:39:35.1280504Z   key: venv-Linux-py3.12-6e7798b0562c942d40375b73a26b0fb8c4423a1dfc56828cc15e13408a5f6d3a
2026-02-06T18:39:35.1281169Z   restore-keys: venv-Linux-py3.12-

2026-02-06T18:39:35.1281484Z   enableCrossOsArchive: false
2026-02-06T18:39:35.1281751Z   fail-on-cache-miss: false
2026-02-06T18:39:35.1281990Z   lookup-only: false
2026-02-06T18:39:35.1282194Z   save-always: false
2026-02-06T18:39:35.1282394Z env:
2026-02-06T18:39:35.1282642Z   pythonLocation: /opt/hostedtoolcache/Python/3.12.12/x64
2026-02-06T18:39:35.1283238Z   PKG_CONFIG_PATH: /opt/hostedtoolcache/Python/3.12.12/x64/lib/pkgconfig
2026-02-06T18:39:35.1283672Z   Python_ROOT_DIR: /opt/hostedtoolcache/Python/3.12.12/x64
2026-02-06T18:39:35.1284063Z   Python2_ROOT_DIR: /opt/hostedtoolcache/Python/3.12.12/x64
2026-02-06T18:39:35.1284499Z   Python3_ROOT_DIR: /opt/hostedtoolcache/Python/3.12.12/x64
2026-02-06T18:39:35.1284922Z   LD_LIBRARY_PATH: /opt/hostedtoolcache/Python/3.12.12/x64/lib
2026-02-06T18:39:35.1285314Z   UV_CACHE_DIR: /home/runner/work/_temp/setup-uv-cache
2026-02-06T18:39:35.1285623Z ##[endgroup]
2026-02-06T18:39:35.4544799Z Cache hit for: venv-Linux-py3.12-6e7798b0562c942d40375b73a26b0fb8c4423a1dfc56828cc15e13408a5f6d3a
2026-02-06T18:39:36.6146269Z Received 96468992 of 4293080043 (2.2%), 91.9 MBs/sec
2026-02-06T18:39:37.6148528Z Received 251658240 of 4293080043 (5.9%), 119.9 MBs/sec
2026-02-06T18:39:38.6147789Z Received 394264576 of 4293080043 (9.2%), 125.3 MBs/sec
2026-02-06T18:39:39.6156435Z Received 528482304 of 4293080043 (12.3%), 125.9 MBs/sec
2026-02-06T18:39:40.6165532Z Received 629145600 of 4293080043 (14.7%), 119.9 MBs/sec
2026-02-06T18:39:41.6171545Z Received 729808896 of 4293080043 (17.0%), 115.9 MBs/sec
2026-02-06T18:39:42.6178963Z Received 843055104 of 4293080043 (19.6%), 114.8 MBs/sec
2026-02-06T18:39:43.6192815Z Received 939524096 of 4293080043 (21.9%), 111.9 MBs/sec
2026-02-06T18:39:44.6484257Z Received 1073741824 of 4293080043 (25.0%), 113.3 MBs/sec
2026-02-06T18:39:45.7329081Z Received 1207959552 of 4293080043 (28.1%), 113.8 MBs/sec
2026-02-06T18:39:46.7332193Z Received 1342177280 of 4293080043 (31.3%), 115.1 MBs/sec
2026-02-06T18:39:47.7336780Z Received 1476395008 of 4293080043 (34.4%), 116.2 MBs/sec
2026-02-06T18:39:48.7340191Z Received 1606418432 of 4293080043 (37.4%), 116.8 MBs/sec
2026-02-06T18:39:49.7337193Z Received 1728053248 of 4293080043 (40.3%), 116.7 MBs/sec
2026-02-06T18:39:50.7341459Z Received 1816133632 of 4293080043 (42.3%), 114.6 MBs/sec
2026-02-06T18:39:51.7340056Z Received 1908408320 of 4293080043 (44.5%), 112.9 MBs/sec
2026-02-06T18:39:52.7360770Z Received 2021654528 of 4293080043 (47.1%), 112.6 MBs/sec
2026-02-06T18:39:53.7942199Z Received 2147483648 of 4293080043 (50.0%), 112.6 MBs/sec
2026-02-06T18:39:54.8484846Z Received 2281701376 of 4293080043 (53.1%), 113.1 MBs/sec
2026-02-06T18:39:55.8491254Z Received 2415919104 of 4293080043 (56.3%), 113.9 MBs/sec
2026-02-06T18:39:56.9037669Z Received 2550136832 of 4293080043 (59.4%), 114.2 MBs/sec
2026-02-06T18:39:57.9045582Z Received 2684354560 of 4293080043 (62.5%), 114.8 MBs/sec
2026-02-06T18:39:58.9053748Z Received 2818572288 of 4293080043 (65.7%), 115.4 MBs/sec
2026-02-06T18:39:59.9708727Z Received 2952790016 of 4293080043 (68.8%), 115.6 MBs/sec
2026-02-06T18:40:00.9710934Z Received 3087007744 of 4293080043 (71.9%), 116.1 MBs/sec
2026-02-06T18:40:02.0650750Z Received 3221225472 of 4293080043 (75.0%), 116.1 MBs/sec
2026-02-06T18:40:03.0642568Z Received 3359637504 of 4293080043 (78.3%), 116.7 MBs/sec
2026-02-06T18:40:04.0641639Z Received 3489660928 of 4293080043 (81.3%), 117.0 MBs/sec
2026-02-06T18:40:05.0648324Z Received 3623878656 of 4293080043 (84.4%), 117.3 MBs/sec
2026-02-06T18:40:06.0657812Z Received 3758096384 of 4293080043 (87.5%), 117.7 MBs/sec
2026-02-06T18:40:07.0665053Z Received 3888119808 of 4293080043 (90.6%), 117.9 MBs/sec
2026-02-06T18:40:08.0672909Z Received 3992977408 of 4293080043 (93.0%), 117.3 MBs/sec
2026-02-06T18:40:09.0673293Z Received 4097835008 of 4293080043 (95.5%), 116.8 MBs/sec
2026-02-06T18:40:10.0672553Z Received 4160749568 of 4293080043 (96.9%), 115.2 MBs/sec
2026-02-06T18:40:11.1455319Z Received 4293080043 of 4293080043 (100.0%), 115.2 MBs/sec
2026-02-06T18:40:11.1458715Z Cache Size: ~4094 MB (4293080043 B)
2026-02-06T18:40:11.1501487Z [command]/usr/bin/tar -xf /home/runner/work/_temp/57c967a1-6f6d-4998-80ae-0ac05b3a71bb/cache.tzst -P -C /home/runner/work/biocentral_server/biocentral_server --use-compress-program unzstd
2026-02-06T18:40:33.5286897Z Cache restored successfully
2026-02-06T18:40:34.0387779Z Cache restored from key: venv-Linux-py3.12-6e7798b0562c942d40375b73a26b0fb8c4423a1dfc56828cc15e13408a5f6d3a
2026-02-06T18:40:34.0590099Z ##[group]Run uv sync --frozen
2026-02-06T18:40:34.0590432Z [36;1muv sync --frozen[0m
2026-02-06T18:40:34.3419770Z shell: /usr/bin/bash -e {0}
2026-02-06T18:40:34.3420036Z env:
2026-02-06T18:40:34.3420314Z   pythonLocation: /opt/hostedtoolcache/Python/3.12.12/x64
2026-02-06T18:40:34.3420758Z   PKG_CONFIG_PATH: /opt/hostedtoolcache/Python/3.12.12/x64/lib/pkgconfig
2026-02-06T18:40:34.3421179Z   Python_ROOT_DIR: /opt/hostedtoolcache/Python/3.12.12/x64
2026-02-06T18:40:34.3421559Z   Python2_ROOT_DIR: /opt/hostedtoolcache/Python/3.12.12/x64
2026-02-06T18:40:34.3421933Z   Python3_ROOT_DIR: /opt/hostedtoolcache/Python/3.12.12/x64
2026-02-06T18:40:34.3422310Z   LD_LIBRARY_PATH: /opt/hostedtoolcache/Python/3.12.12/x64/lib
2026-02-06T18:40:34.3422668Z   UV_CACHE_DIR: /home/runner/work/_temp/setup-uv-cache
2026-02-06T18:40:34.3422965Z ##[endgroup]
2026-02-06T18:40:38.2327566Z    Building biocentral-server @ file:///home/runner/work/biocentral_server/biocentral_server
2026-02-06T18:40:39.0872861Z       Built biocentral-server @ file:///home/runner/work/biocentral_server/biocentral_server
2026-02-06T18:40:39.0904384Z Prepared 1 package in 864ms
2026-02-06T18:40:39.0926899Z Uninstalled 1 package in 2ms
2026-02-06T18:40:39.0943540Z Installed 1 package in 1ms
2026-02-06T18:40:39.0961370Z  ~ biocentral-server==1.1.0 (from file:///home/runner/work/biocentral_server/biocentral_server)
2026-02-06T18:40:39.1248800Z ##[group]Run uv run pytest tests/unit/ -v -W "ignore::DeprecationWarning"
2026-02-06T18:40:39.1249787Z [36;1muv run pytest tests/unit/ -v -W "ignore::DeprecationWarning"[0m
2026-02-06T18:40:39.1300865Z shell: /usr/bin/bash -e {0}
2026-02-06T18:40:39.1301275Z env:
2026-02-06T18:40:39.1301693Z   pythonLocation: /opt/hostedtoolcache/Python/3.12.12/x64
2026-02-06T18:40:39.1302464Z   PKG_CONFIG_PATH: /opt/hostedtoolcache/Python/3.12.12/x64/lib/pkgconfig
2026-02-06T18:40:39.1303716Z   Python_ROOT_DIR: /opt/hostedtoolcache/Python/3.12.12/x64
2026-02-06T18:40:39.1304419Z   Python2_ROOT_DIR: /opt/hostedtoolcache/Python/3.12.12/x64
2026-02-06T18:40:39.1305113Z   Python3_ROOT_DIR: /opt/hostedtoolcache/Python/3.12.12/x64
2026-02-06T18:40:39.1305830Z   LD_LIBRARY_PATH: /opt/hostedtoolcache/Python/3.12.12/x64/lib
2026-02-06T18:40:39.1306505Z   UV_CACHE_DIR: /home/runner/work/_temp/setup-uv-cache
2026-02-06T18:40:39.1307329Z ##[endgroup]
2026-02-06T18:40:39.2992443Z    Updating https://github.com/SebieF/hvi_toolkit.git (maintenance/update-biotrainer)
2026-02-06T18:40:48.4157270Z     Updated https://github.com/SebieF/hvi_toolkit.git (330be569cbdaec5be30bb7368940cab02570be61)
2026-02-06T18:40:49.9890973Z    Updating https://github.com/biocentral/TMbed.git (onnx-deployment)
2026-02-06T18:40:50.9164943Z     Updated https://github.com/biocentral/TMbed.git (dd3e24e8ca2e943d8794fb1f3faa5347a9af00a5)
2026-02-06T18:40:50.9168962Z    Building tmbed @ git+https://github.com/biocentral/TMbed.git@dd3e24e8ca2e943d8794fb1f3faa5347a9af00a5
2026-02-06T18:40:51.8613664Z       Built tmbed @ git+https://github.com/biocentral/TMbed.git@dd3e24e8ca2e943d8794fb1f3faa5347a9af00a5
2026-02-06T18:40:51.8637507Z Uninstalled 1 package in 0.98ms
2026-02-06T18:40:51.8653978Z Installed 3 packages in 1ms
2026-02-06T18:40:53.2579100Z ============================= test session starts ==============================
2026-02-06T18:40:53.2580472Z platform linux -- Python 3.12.12, pytest-8.3.1, pluggy-1.6.0 -- /home/runner/work/biocentral_server/biocentral_server/.venv/bin/python
2026-02-06T18:40:53.2581606Z cachedir: .pytest_cache
2026-02-06T18:40:53.2582566Z benchmark: 5.2.3 (defaults: timer=time.perf_counter disable_gc=False min_rounds=5 min_time=0.000005 max_time=1.0 calibration_precision=10 warmup=False warmup_iterations=100000)
2026-02-06T18:40:53.2584300Z hypothesis profile 'ci' -> database=None, deadline=None, print_blob=True, derandomize=True, suppress_health_check=(HealthCheck.too_slow,)
2026-02-06T18:40:53.2585277Z rootdir: /home/runner/work/biocentral_server/biocentral_server
2026-02-06T18:40:53.2585759Z configfile: pyproject.toml
2026-02-06T18:40:53.2586514Z plugins: rerunfailures-16.1, order-1.3.0, jaxtyping-0.3.5, benchmark-5.2.3, cov-7.0.0, hypothesis-6.150.2, asyncio-1.3.0, anyio-4.12.1
2026-02-06T18:40:53.2587745Z asyncio: mode=Mode.STRICT, debug=False, asyncio_default_fixture_loop_scope=function, asyncio_default_test_loop_scope=function
2026-02-06T18:41:32.0590618Z collecting ... collected 79 items
2026-02-06T18:41:32.0591094Z 
2026-02-06T18:41:32.0710181Z tests/unit/endpoints/test_embeddings.py::TestCommonEmbeddersEndpoint::test_common_embedders_returns_list PASSED [  1%]
2026-02-06T18:41:32.0792123Z tests/unit/endpoints/test_embeddings.py::TestCommonEmbeddersEndpoint::test_common_embedders_contains_expected_models PASSED [  2%]
2026-02-06T18:41:32.0870907Z tests/unit/endpoints/test_embeddings.py::TestCommonEmbeddersEndpoint::test_common_embedders_includes_prot_t5 PASSED [  3%]
2026-02-06T18:41:32.0959478Z tests/unit/endpoints/test_embeddings.py::TestCommonEmbeddersEndpoint::test_common_embedders_includes_esm2 PASSED [  5%]
2026-02-06T18:41:32.1036644Z tests/unit/endpoints/test_embeddings.py::TestCommonEmbeddersEndpoint::test_common_embedders_includes_baseline_models PASSED [  6%]
2026-02-06T18:41:32.1142770Z tests/unit/endpoints/test_embeddings.py::TestEmbedEndpoint::test_embed_valid_request PASSED [  7%]
2026-02-06T18:41:32.1228475Z tests/unit/endpoints/test_embeddings.py::TestEmbedEndpoint::test_embed_empty_sequences PASSED [  8%]
2026-02-06T18:41:32.1311511Z tests/unit/endpoints/test_embeddings.py::TestEmbedEndpoint::test_embed_missing_embedder_name PASSED [ 10%]
2026-02-06T18:41:32.1424387Z tests/unit/endpoints/test_embeddings.py::TestGetMissingEmbeddingsEndpoint::test_get_missing_embeddings_valid PASSED [ 11%]
2026-02-06T18:41:32.1506045Z tests/unit/endpoints/test_embeddings.py::TestGetMissingEmbeddingsEndpoint::test_get_missing_embeddings_invalid_json PASSED [ 12%]
2026-02-06T18:41:32.1587801Z tests/unit/endpoints/test_embeddings.py::TestGetMissingEmbeddingsEndpoint::test_get_missing_embeddings_sequences_not_dict PASSED [ 13%]
2026-02-06T18:41:32.1737678Z tests/unit/endpoints/test_embeddings.py::TestAddEmbeddingsEndpoint::test_add_embeddings_valid PASSED [ 15%]
2026-02-06T18:41:32.1821352Z tests/unit/endpoints/test_embeddings.py::TestAddEmbeddingsEndpoint::test_add_embeddings_invalid_base64 PASSED [ 16%]
2026-02-06T18:41:32.1921471Z tests/unit/endpoints/test_projection.py::TestProjectionConfigEndpoint::test_projection_config_returns_methods PASSED [ 17%]
2026-02-06T18:41:32.1996823Z tests/unit/endpoints/test_projection.py::TestProjectionConfigEndpoint::test_projection_config_includes_all_methods PASSED [ 18%]
2026-02-06T18:41:32.2074615Z tests/unit/endpoints/test_projection.py::TestProjectEndpoint::test_project_valid_request PASSED [ 20%]
2026-02-06T18:41:32.2139806Z tests/unit/endpoints/test_projection.py::TestProjectEndpoint::test_project_unknown_method PASSED [ 21%]
2026-02-06T18:41:32.2202954Z tests/unit/endpoints/test_projection.py::TestProjectEndpoint::test_project_missing_required_fields PASSED [ 22%]
2026-02-06T18:41:32.2294997Z tests/unit/endpoints/test_projection.py::TestProjectEndpoint::test_project_with_custom_config PASSED [ 24%]
2026-02-06T18:41:32.2347446Z tests/unit/embeddings/test_fixed_embedder.py::TestFixedEmbedderDeterminism::test_same_sequence_same_embedding PASSED [ 25%]
2026-02-06T18:41:32.2406753Z tests/unit/embeddings/test_fixed_embedder.py::TestFixedEmbedderDeterminism::test_same_sequence_different_instances PASSED [ 26%]
2026-02-06T18:41:32.2442902Z tests/unit/embeddings/test_fixed_embedder.py::TestFixedEmbedderDeterminism::test_different_sequences_different_embeddings PASSED [ 27%]
2026-02-06T18:41:32.2490876Z tests/unit/embeddings/test_fixed_embedder.py::TestFixedEmbedderDeterminism::test_different_seeds_different_embeddings PASSED [ 29%]
2026-02-06T18:41:32.2538638Z tests/unit/embeddings/test_fixed_embedder.py::TestFixedEmbedderDeterminism::test_pooled_embedding_determinism PASSED [ 30%]
2026-02-06T18:41:32.2597414Z tests/unit/embeddings/test_fixed_embedder.py::TestFixedEmbedderDeterminism::test_determinism_across_batch_methods PASSED [ 31%]
2026-02-06T18:41:32.2627999Z tests/unit/embeddings/test_fixed_embedder.py::TestFixedEmbedderDimensions::test_model_dimensions[prot_t5-1024] PASSED [ 32%]
2026-02-06T18:41:32.2659640Z tests/unit/embeddings/test_fixed_embedder.py::TestFixedEmbedderDimensions::test_model_dimensions[esm2_t33-1280] PASSED [ 34%]
2026-02-06T18:41:32.2700377Z tests/unit/embeddings/test_fixed_embedder.py::TestFixedEmbedderDimensions::test_model_dimensions[esm2_t36-2560] PASSED [ 35%]
2026-02-06T18:41:32.2728187Z tests/unit/embeddings/test_fixed_embedder.py::TestFixedEmbedderDimensions::test_custom_dimension PASSED [ 36%]
2026-02-06T18:41:32.2757908Z tests/unit/embeddings/test_fixed_embedder.py::TestFixedEmbedderDimensions::test_pooled_dimension PASSED [ 37%]
2026-02-06T18:41:32.2782232Z tests/unit/embeddings/test_fixed_embedder.py::TestFixedEmbedderDimensions::test_get_embedding_dimension PASSED [ 39%]
2026-02-06T18:41:32.2806233Z tests/unit/embeddings/test_fixed_embedder.py::TestFixedEmbedderEdgeCases::test_empty_sequence PASSED [ 40%]
2026-02-06T18:41:32.2831011Z tests/unit/embeddings/test_fixed_embedder.py::TestFixedEmbedderEdgeCases::test_single_residue PASSED [ 41%]
2026-02-06T18:41:32.4119542Z tests/unit/embeddings/test_fixed_embedder.py::TestFixedEmbedderEdgeCases::test_very_long_sequence PASSED [ 43%]
2026-02-06T18:41:32.4150918Z tests/unit/embeddings/test_fixed_embedder.py::TestFixedEmbedderEdgeCases::test_unknown_amino_acid PASSED [ 44%]
2026-02-06T18:41:32.4187764Z tests/unit/embeddings/test_fixed_embedder.py::TestFixedEmbedderEdgeCases::test_all_amino_acids PASSED [ 45%]
2026-02-06T18:41:32.4242697Z tests/unit/embeddings/test_fixed_embedder.py::TestFixedEmbedderEdgeCases::test_homopolymer PASSED [ 46%]
2026-02-06T18:41:32.4279425Z tests/unit/embeddings/test_fixed_embedder.py::TestFixedEmbedderEdgeCases::test_lowercase_handling PASSED [ 48%]
2026-02-06T18:41:32.4319859Z tests/unit/embeddings/test_fixed_embedder.py::TestFixedEmbedderBatchOperations::test_batch_embedding PASSED [ 49%]
2026-02-06T18:41:32.4360890Z tests/unit/embeddings/test_fixed_embedder.py::TestFixedEmbedderBatchOperations::test_batch_pooled PASSED [ 50%]
2026-02-06T18:41:32.4401238Z tests/unit/embeddings/test_fixed_embedder.py::TestFixedEmbedderBatchOperations::test_dict_embedding PASSED [ 51%]
2026-02-06T18:41:32.4425276Z tests/unit/embeddings/test_fixed_embedder.py::TestFixedEmbedderBatchOperations::test_empty_batch PASSED [ 53%]
2026-02-06T18:41:32.4448666Z tests/unit/embeddings/test_fixed_embedder.py::TestFixedEmbedderBatchOperations::test_empty_dict PASSED [ 54%]
2026-02-06T18:41:32.4472819Z tests/unit/embeddings/test_fixed_embedder.py::TestFixedEmbedderRegistry::test_get_embedder_creates_instance PASSED [ 55%]
2026-02-06T18:41:32.4497460Z tests/unit/embeddings/test_fixed_embedder.py::TestFixedEmbedderRegistry::test_get_embedder_reuses_instance PASSED [ 56%]
2026-02-06T18:41:32.4533969Z tests/unit/embeddings/test_fixed_embedder.py::TestFixedEmbedderRegistry::test_get_embedder_different_models PASSED [ 58%]
2026-02-06T18:41:32.4569907Z tests/unit/embeddings/test_fixed_embedder.py::TestFixedEmbedderRegistry::test_clear_registry PASSED [ 59%]
2026-02-06T18:41:32.4598910Z tests/unit/embeddings/test_fixed_embedder.py::TestConvenienceFunctions::test_get_fixed_embedder PASSED [ 60%]
2026-02-06T18:41:32.4621815Z tests/unit/embeddings/test_fixed_embedder.py::TestConvenienceFunctions::test_generate_test_embeddings PASSED [ 62%]
2026-02-06T18:41:32.4645614Z tests/unit/embeddings/test_fixed_embedder.py::TestConvenienceFunctions::test_generate_test_embeddings_pooled PASSED [ 63%]
2026-02-06T18:41:32.4669118Z tests/unit/embeddings/test_fixed_embedder.py::TestConvenienceFunctions::test_generate_test_embeddings_dict PASSED [ 64%]
2026-02-06T18:41:32.4698795Z tests/unit/embeddings/test_fixed_embedder.py::TestEmbeddingQuality::test_embedding_not_all_zeros PASSED [ 65%]
2026-02-06T18:41:32.4797758Z tests/unit/embeddings/test_fixed_embedder.py::TestEmbeddingQuality::test_embedding_no_nan PASSED [ 67%]
2026-02-06T18:41:32.4827285Z tests/unit/embeddings/test_fixed_embedder.py::TestEmbeddingQuality::test_embedding_no_inf PASSED [ 68%]
2026-02-06T18:41:32.4856886Z tests/unit/embeddings/test_fixed_embedder.py::TestEmbeddingQuality::test_embedding_reasonable_magnitude PASSED [ 69%]
2026-02-06T18:41:32.4885791Z tests/unit/embeddings/test_fixed_embedder.py::TestEmbeddingQuality::test_embedding_dtype PASSED [ 70%]
2026-02-06T18:41:32.4917052Z tests/unit/embeddings/test_fixed_embedder.py::TestEmbeddingQuality::test_different_positions_have_different_embeddings PASSED [ 72%]
2026-02-06T18:41:32.4941485Z tests/unit/embeddings/test_fixed_embedder.py::TestFixedEmbedderRepr::test_repr PASSED [ 73%]
2026-02-06T18:41:32.5079655Z tests/unit/endpoints/test_custom_models.py::TestConfigOptionsEndpoint::test_config_options_valid_protocol PASSED [ 74%]
2026-02-06T18:41:32.5197055Z tests/unit/endpoints/test_custom_models.py::TestConfigOptionsEndpoint::test_config_options_invalid_protocol PASSED [ 75%]
2026-02-06T18:41:32.5331399Z tests/unit/endpoints/test_custom_models.py::TestVerifyConfigEndpoint::test_verify_config_valid PASSED [ 77%]
2026-02-06T18:41:32.5444832Z tests/unit/endpoints/test_custom_models.py::TestVerifyConfigEndpoint::test_verify_config_invalid PASSED [ 78%]
2026-02-06T18:41:32.5553628Z tests/unit/endpoints/test_custom_models.py::TestVerifyConfigEndpoint::test_verify_config_empty_dict PASSED [ 79%]
2026-02-06T18:41:32.5679526Z tests/unit/endpoints/test_custom_models.py::TestStartTrainingEndpoint::test_start_training_valid PASSED [ 81%]
2026-02-06T18:41:32.5788482Z tests/unit/endpoints/test_custom_models.py::TestStartTrainingEndpoint::test_start_training_invalid_config PASSED [ 82%]
2026-02-06T18:41:32.5915114Z tests/unit/endpoints/test_custom_models.py::TestStartTrainingEndpoint::test_start_training_empty_training_data PASSED [ 83%]
2026-02-06T18:41:32.6029927Z tests/unit/endpoints/test_custom_models.py::TestModelFilesEndpoint::test_model_files_found PASSED [ 84%]
2026-02-06T18:41:32.6142795Z tests/unit/endpoints/test_custom_models.py::TestModelFilesEndpoint::test_model_files_not_found PASSED [ 86%]
2026-02-06T18:41:32.6263985Z tests/unit/endpoints/test_custom_models.py::TestStartInferenceEndpoint::test_start_inference_valid PASSED [ 87%]
2026-02-06T18:41:32.6395364Z tests/unit/endpoints/test_custom_models.py::TestStartInferenceEndpoint::test_start_inference_model_not_found PASSED [ 88%]
2026-02-06T18:41:32.6501796Z tests/unit/endpoints/test_custom_models.py::TestStartInferenceEndpoint::test_start_inference_empty_sequences PASSED [ 89%]
2026-02-06T18:41:32.6576501Z tests/unit/endpoints/test_predict.py::TestModelMetadataEndpoint::test_model_metadata_returns_available_models PASSED [ 91%]
2026-02-06T18:41:32.6644586Z tests/unit/endpoints/test_predict.py::TestModelMetadataEndpoint::test_model_metadata_empty_when_no_models PASSED [ 92%]
2026-02-06T18:41:32.6741778Z tests/unit/endpoints/test_predict.py::TestPredictEndpoint::test_predict_valid_request PASSED [ 93%]
2026-02-06T18:41:32.6806868Z tests/unit/endpoints/test_predict.py::TestPredictEndpoint::test_predict_unknown_model PASSED [ 94%]
2026-02-06T18:41:32.6871205Z tests/unit/endpoints/test_predict.py::TestPredictEndpoint::test_predict_empty_model_names PASSED [ 96%]
2026-02-06T18:41:32.6935670Z tests/unit/endpoints/test_predict.py::TestPredictEndpoint::test_predict_empty_sequences PASSED [ 97%]
2026-02-06T18:41:32.7000883Z tests/unit/endpoints/test_predict.py::TestPredictEndpoint::test_predict_sequence_too_short PASSED [ 98%]
2026-02-06T18:41:32.7080383Z tests/unit/endpoints/test_predict.py::TestPredictEndpoint::test_predict_sequence_too_long PASSED [100%]
2026-02-06T18:41:32.7081323Z 
2026-02-06T18:41:32.7081485Z ============================= 79 passed in 39.61s ==============================
2026-02-06T18:41:34.6529019Z Post job cleanup.
2026-02-06T18:41:34.7925093Z Cache hit occurred on the primary key venv-Linux-py3.12-6e7798b0562c942d40375b73a26b0fb8c4423a1dfc56828cc15e13408a5f6d3a, not saving cache.
2026-02-06T18:41:34.8210780Z Post job cleanup.
2026-02-06T18:41:34.9746070Z Pruning cache...
2026-02-06T18:41:35.0419285Z Saving cache path: /home/runner/work/_temp/setup-uv-cache
2026-02-06T18:41:35.0553642Z [command]/usr/bin/tar --posix -cf cache.tzst --exclude cache.tzst -P -C /home/runner/work/biocentral_server/biocentral_server --files-from manifest.txt --use-compress-program zstdmt
2026-02-06T18:41:36.4295829Z ##[warning]Failed to save: <h2>Our services aren't available right now</h2><p>We're working to restore all services as soon as possible. Please check back soon.</p>04DWGaQAAAACDFDx/FrYMRLbp17ewHM6jRE0yRURHRTA0MTAARWRnZQ==
2026-02-06T18:41:36.5915602Z cache saved with the key: setup-uv-1-x86_64-unknown-linux-gnu-0.9.26-6e7798b0562c942d40375b73a26b0fb8c4423a1dfc56828cc15e13408a5f6d3a
2026-02-06T18:41:36.6203544Z Post job cleanup.
2026-02-06T18:41:36.8249568Z Post job cleanup.
2026-02-06T18:41:36.9198323Z [command]/usr/bin/git version
2026-02-06T18:41:36.9235642Z git version 2.52.0
2026-02-06T18:41:36.9273324Z Copying '/home/runner/.gitconfig' to '/home/runner/work/_temp/57ddd254-5a8c-4d61-a2c5-95aadc0810c5/.gitconfig'
2026-02-06T18:41:36.9282752Z Temporarily overriding HOME='/home/runner/work/_temp/57ddd254-5a8c-4d61-a2c5-95aadc0810c5' before making global git config changes
2026-02-06T18:41:36.9284465Z Adding repository directory to the temporary git global config as a safe directory
2026-02-06T18:41:36.9289627Z [command]/usr/bin/git config --global --add safe.directory /home/runner/work/biocentral_server/biocentral_server
2026-02-06T18:41:36.9330410Z [command]/usr/bin/git config --local --name-only --get-regexp core\.sshCommand
2026-02-06T18:41:36.9362212Z [command]/usr/bin/git submodule foreach --recursive sh -c "git config --local --name-only --get-regexp 'core\.sshCommand' && git config --local --unset-all 'core.sshCommand' || :"
2026-02-06T18:41:36.9589329Z [command]/usr/bin/git config --local --name-only --get-regexp http\.https\:\/\/github\.com\/\.extraheader
2026-02-06T18:41:36.9610432Z http.https://github.com/.extraheader
2026-02-06T18:41:36.9623695Z [command]/usr/bin/git config --local --unset-all http.https://github.com/.extraheader
2026-02-06T18:41:36.9655267Z [command]/usr/bin/git submodule foreach --recursive sh -c "git config --local --name-only --get-regexp 'http\.https\:\/\/github\.com\/\.extraheader' && git config --local --unset-all 'http.https://github.com/.extraheader' || :"
2026-02-06T18:41:36.9878547Z [command]/usr/bin/git config --local --name-only --get-regexp ^includeIf\.gitdir:
2026-02-06T18:41:36.9908353Z [command]/usr/bin/git submodule foreach --recursive git config --local --show-origin --name-only --get-regexp remote.origin.url
2026-02-06T18:41:37.0250463Z Cleaning up orphan processes
